# freedesktop icon name → Phosphor icon, per context. Consumed by scripts/vendor-icon-theme.sh.
# Anything not listed falls back to the Cosmic theme (index.theme Inherits).

[actions]
window-close x
tab-new plus
view-grid grid-four
view-list list
view-dual columns
view-continuous rows
view-paged file
window-minimize minus
window-maximize square
window-restore arrows-in-simple
window-new app-window
window-stack stack
window-swap arrows-left-right
window-pop-out arrow-square-out
application-exit sign-out
application-menu list
open-menu list
close-menu x
view-more dots-three-vertical
view-more-horizontal dots-three
view-refresh arrow-clockwise
view-fullscreen arrows-out
view-restore arrows-in
view-sort-ascending sort-ascending
view-sort-descending sort-descending
view-fit arrows-in-simple
view-actual-size frame-corners
zoom-in magnifying-glass-plus
zoom-out magnifying-glass-minus
zoom-original magnifying-glass
zoom-fit-best magnifying-glass
go-previous arrow-left
go-next arrow-right
go-up arrow-up
go-down arrow-down
go-first arrow-line-left
go-last arrow-line-right
go-top arrow-line-up
go-bottom arrow-line-down
go-home house
go-jump arrow-bend-up-right
pan-down caret-down
pan-up caret-up
pan-start caret-left
pan-end caret-right
list-add plus
list-remove minus
edit pencil-simple
edit-clear backspace
edit-copy copy
edit-cut scissors
edit-delete trash
edit-find magnifying-glass
edit-find-replace binoculars
edit-paste clipboard
edit-redo arrow-u-up-right
edit-undo arrow-u-up-left
edit-select-all selection-all
document-new file-plus
document-open folder-open
document-open-recent clock-counter-clockwise
document-save floppy-disk
document-save-as floppy-disk-back
document-print printer
document-print-preview eye
document-properties info
document-revert arrow-counter-clockwise
document-send paper-plane-tilt
document-page-setup file-text
folder-new folder-plus
media-playback-start play
media-playback-pause pause
media-playback-stop stop
media-skip-forward skip-forward
media-skip-backward skip-back
media-seek-forward fast-forward
media-seek-backward rewind
media-record record
media-eject eject
system-search magnifying-glass
system-run terminal
system-lock-screen lock
system-log-out sign-out
system-shutdown power
system-reboot arrow-clockwise
system-suspend moon
help-about info
help-contents question
help-faq question
process-stop x-circle
object-select check
object-flip-horizontal flip-horizontal
object-flip-vertical flip-vertical
object-rotate-left arrow-counter-clockwise
object-rotate-right arrow-clockwise
format-text-bold text-b
format-text-italic text-italic
format-text-underline text-underline
format-text-strikethrough text-strikethrough
format-justify-left text-align-left
format-justify-center text-align-center
format-justify-right text-align-right
format-justify-fill text-align-justify
format-indent-more text-indent
format-indent-less text-outdent
insert-image image
insert-link link
insert-text text-t
mail-send paper-plane-tilt
mail-reply-all arrow-bend-up-left
mail-forward arrow-bend-up-right
mail-message-new envelope-simple
pin push-pin
pen pen
pencil pencil
font text-aa
notification-alert bell-ringing
focus-windows app-window
navbar-open sidebar-simple
navbar-closed sidebar-simple
grip-lines dots-six-vertical
date calendar
appointment-new calendar-plus
contact-new user-plus
address-book-new address-book
call-start phone
call-stop phone-x
markup code
tools-check-spelling check
image-crop-rotate crop
text-highlight highlighter

[status]
audio-volume-high speaker-high
audio-volume-medium speaker-low
audio-volume-low speaker-none
audio-volume-muted speaker-slash
audio-volume-overamplified speaker-high
bluetooth-active bluetooth
bluetooth-disabled bluetooth-slash
network-wireless-signal-excellent wifi-high
network-wireless-signal-good wifi-high
network-wireless-signal-ok wifi-medium
network-wireless-signal-weak wifi-low
network-wireless-signal-none wifi-none
network-wireless-secure-signal-excellent wifi-high
network-wireless-secure-signal-good wifi-high
network-wireless-secure-signal-ok wifi-medium
network-wireless-secure-signal-weak wifi-low
network-wireless-secure-signal-none wifi-none
network-wireless-connected wifi-high
network-wireless-disconnected wifi-slash
network-wireless-acquiring wifi-medium
network-wireless-error wifi-x
network-wireless-no-route wifi-x
network-wireless-hotspot broadcast
network-wireless-encrypted lock
network-wired plugs-connected
network-wired-disconnected plugs
network-wired-error plugs
network-wired-no-route plugs
network-wired-acquiring plugs
network-disconnected network-slash
network-error network-x
network-idle network
network-receive network
network-transmit network
network-transmit-receive network
airplane-mode airplane
airplane-mode-disabled airplane
display-brightness sun
display-brightness-high sun
display-brightness-medium sun-dim
display-brightness-low sun-dim
display-brightness-off moon
keyboard-brightness keyboard
microphone-sensitivity-high microphone
microphone-sensitivity-medium microphone
microphone-sensitivity-low microphone
microphone-sensitivity-muted microphone-slash
notification bell
notification-new bell-ringing
notification-disabled bell-slash
dialog-error x-circle
dialog-warning warning
dialog-information info
dialog-question question
dialog-password key
security-high shield-check
security-medium shield
security-low shield-warning
connection-secure lock
changes-prevent lock
changes-allow lock-open
checkbox-checked check-square
checkbox-mixed minus-square
radio-checked radio-button
plugged-into-power plug
software-update-available arrow-circle-up
software-update-urgent warning-circle
user-trash-full trash
folder-open folder-open
folder-visiting folder-open
folder-drag-accept folder-open
mail-unread envelope
mail-read envelope-open
mail-replied arrow-bend-up-left
mail-attachment paperclip
media-playlist-repeat repeat
media-playlist-shuffle shuffle
printer-error printer
printer-printing printer
image-loading image
task-due calendar-check
task-past-due calendar-x
appointment-soon calendar
appointment-missed calendar-x
user-available circle
user-away moon
user-idle moon
user-offline circle
weather-clear sun
weather-clear-night moon
weather-few-clouds cloud-sun
weather-few-clouds-night cloud-moon
weather-fog cloud-fog
weather-overcast cloud
weather-showers cloud-rain
weather-showers-scattered cloud-rain
weather-snow cloud-snow
weather-storm cloud-lightning
weather-severe-alert warning

[devices]
battery battery-medium
ac-adapter plug
audio-card waveform
audio-card-usb waveform
audio-headphones headphones
audio-headset headset
audio-input-microphone microphone
audio-speaker speaker-high
audio-speakers speaker-high
audio-subwoofer speaker-high
bluetooth bluetooth
camera-photo camera
camera-video video-camera
camera-web webcam
computer desktop
display monitor
video-display monitor
display-projector projector-screen
drive-harddisk-system hard-drive
drive-harddisk-solidstate hard-drive
drive-harddisk-usb hard-drive
drive-harddisk-ieee1394 hard-drive
drive-multidisk hard-drives
drive-optical disc
drive-removable-media usb
media-flash usb
media-removable usb
media-optical disc
input-keyboard keyboard
input-mouse mouse
input-tablet device-tablet
input-gaming game-controller
laptop laptop
multimedia-player music-notes
network-wired plugs-connected
network-wireless wifi-high
phone phone
smartphone device-mobile
tablet device-tablet
printer printer
printer-network printer
scanner scan
speaker speaker-high
tv television
payment-card credit-card
sim-card sim-card
uninterruptible-power-supply battery-charging

[places]
folder folder
folder-documents folder
folder-download folder
folder-music folder
folder-pictures folder
folder-publicshare folder
folder-templates folder
folder-videos folder
folder-remote cloud
folder-recent clock-counter-clockwise
folder-saved-search magnifying-glass
user-home house
user-desktop desktop
user-trash trash
user-bookmarks bookmark-simple
network-server hard-drives
network-workgroup users-three
start-here squares-four
mail-folder-inbox tray
mail-folder-outbox paper-plane
mail-archive archive
applications-audio music-notes
applications-office briefcase

[categories]
applications-games game-controller
applications-graphics image
applications-multimedia film-strip
applications-science flask
applications-system cpu
applications-utilities wrench
applications-video video
applications-engineering gear-six
applications-accessibility person
preferences-system gear
preferences-other sliders-horizontal
preferences-desktop-online-accounts cloud
system-help question
slideshow presentation

[emblems]
emblem-default check
emblem-ok check-circle
emblem-favorite star
emblem-important warning
emblem-documents file-text
emblem-music music-notes
emblem-photos image
emblem-videos video
emblem-shared share-network
emblem-synchronizing arrows-clockwise
emblem-system gear

[mimetypes]
text-x-generic file-text
text-html file-html
image-x-generic file-image
audio-x-generic file-audio
video-x-generic file-video
application-x-executable app-window
package-x-generic package
inode-directory folder
x-office-document file-doc
x-office-spreadsheet file-xls
x-office-presentation file-ppt
x-office-drawing file-image
x-office-calendar calendar
x-office-address-book address-book
playlist playlist
media-optical disc
application-certificate certificate
application-rss+xml rss
application-x-addon puzzle-piece
application-x-firmware cpu

[apps]
preferences-desktop-wallpaper image
preferences-appearance palette
preferences-applications squares-four
preferences-default-applications app-window
preferences-desktop gear
preferences-desktop-accessibility person
preferences-desktop-locale globe
preferences-region-and-language translate
preferences-time-and-language clock
preferences-desktop-screensaver monitor
preferences-dock sidebar
preferences-panel sidebar
preferences-input-devices keyboard
preferences-network-and-wireless wifi-high
preferences-wired plugs-connected
preferences-wireless wifi-high
preferences-vpn shield
preferences-power-and-battery battery-medium
preferences-sound speaker-high
preferences-startup-applications rocket-launch
preferences-updates-and-recovery arrow-circle-up
preferences-window-management app-window
preferences-workspaces cards
preferences-X11-applications app-window
system-file-manager folder
system-software-install download-simple
system-users users
user-info user
utilities-system-monitor pulse
utilities-terminal terminal-window
utilities-tweak-tool wrench
web-browser browser
weather cloud-sun
accessories-calculator calculator
accessories-clock clock
accessories-text-editor note-pencil
accessories-screenshot camera
accessories-character-map text-aa
accessories-dictionary book
multimedia-audio-player music-notes
multimedia-video-player video
multimedia-volume-control speaker-high
multimedia-equalizer equalizer
multimedia-photo-viewer image
multimedia-photo-manager images
office-calendar calendar
password-manager key
document-viewer file-text
help-browser question
help-contents question
help-faq question
chat chats
disks hard-drives
disk-usage-analyzer chart-pie
firmware-manager cpu
addressbook address-book
application-default app-window
application-font text-aa
cheese camera
mail-archive archive
